// Vitest Snapshot v1, https://vitest.dev/guide/snapshot.html

exports[`NewsCard > snapshot 1`] = `
<DocumentFragment>
  <div
    class="relative rounded-xl shadow-md p-4 bg-white dark:bg-gray-800 transition flex flex-col"
  >
    <img
      alt="Test Article"
      class="rounded-lg mb-2"
      src="https://via.placeholder.com/150"
    />
    <h2
      class="text-xl font-semibold"
    >
      Test Article
    </h2>
    <p
      class="text-sm text-gray-600 dark:text-gray-300"
    >
      10.04.2025
    </p>
    <p
      class="text-sm mt-2"
    >
      This is a test description.
    </p>
    <div
      class="pt-4 flex justify-between items-center"
      style="margin-top: auto;"
    >
      <a
        class="text-blue-500 dark:text-blue-300"
        href="https://example.com"
        target="_blank"
      >
        Read the article
      </a>
      <button
        class="cursor-pointer text-blue-500 dark:text-blue-300 "
      >
        Add to Favorites
      </button>
    </div>
    <div
      class="absolute right-4 -top-1"
    />
  </div>
</DocumentFragment>
`;
